// Jest Snapshot v1, https://goo.gl/fbAQLP

exports[`Render test rendering test App.tsx 1`] = `
<RecoilRoot>
  <Home />
</RecoilRoot>
`;

exports[`rendering test App.tsx 1`] = `
<RecoilRoot>
  <Home />
</RecoilRoot>
`;
